Design Route Status
                                               :      # nets :
   ------------------------------------------- : ----------- :
   # of logical nets.......................... :       14839 :
       # of nets not needing routing.......... :        4216 :
           # of internally routed nets........ :        3999 :
           # of nets with no loads............ :         217 :
       # of routable nets..................... :       10623 :
           # of fully routed nets............. :       10621 :
       # of nets with routing errors.......... :           2 :
           # of nets with some unrouted pins.. :           2 :
   ------------------------------------------- : ----------- :


Nets with Routing Errors:
  u_eth_wrap/fifo_block_i/support_layer_i/ethernet_core_i/inst/xpcs/inst/gt0_gtwizard_10gbaser_multi_gt_i/gt0_gtwizard_10gbaser_i/txn
    Unrouted Pin: u_eth_wrap/fifo_block_i/support_layer_i/ethernet_core_i/inst/xpcs/inst/gt0_gtwizard_10gbaser_multi_gt_i/gt0_gtwizard_10gbaser_i/gtxe2_i/GTXRXN
  u_eth_wrap/fifo_block_i/support_layer_i/ethernet_core_i/inst/xpcs/inst/gt0_gtwizard_10gbaser_multi_gt_i/gt0_gtwizard_10gbaser_i/txp
    Unrouted Pin: u_eth_wrap/fifo_block_i/support_layer_i/ethernet_core_i/inst/xpcs/inst/gt0_gtwizard_10gbaser_multi_gt_i/gt0_gtwizard_10gbaser_i/gtxe2_i/GTXRXP

